******************************************************************************
                  TI ARM Linker PC v20.2.0                     
******************************************************************************
>> Linked Mon Jun 22 23:42:01 2020

OUTPUT FILE NAME:   <timer_a_continuous_vlo_period_capture_MSP_EXP432P401R_nortos_ccs.out>
ENTRY POINT SYMBOL: "_c_int00_noargs"  address: 000003cd


MEMORY CONFIGURATION

         name            origin    length      used     unused   attr    fill
----------------------  --------  ---------  --------  --------  ----  --------
  MAIN                  00000000   00040000  00000498  0003fb68  R  X
  INFO                  00200000   00004000  00000000  00004000  R  X
  SRAM_CODE             01000000   00010000  00000254  0000fdac  RW X
  SRAM_DATA             20000000   00010000  00000254  0000fdac  RW  


SEGMENT ALLOCATION MAP

run origin  load origin   length   init length attrs members
----------  ----------- ---------- ----------- ----- -------
00000000    00000000    00000498   00000498    r-x
  00000000    00000000    000000e4   000000e4    r-- .intvecs
  000000e4    000000e4    0000035c   0000035c    r-x .text
  00000440    00000440    00000028   00000028    r-- .const
  00000468    00000468    00000030   00000030    r-- .cinit
20000000    20000000    00000054   00000000    rw-
  20000000    20000000    00000050   00000000    rw- .bss
  20000050    20000050    00000004   00000000    rw- .data
2000fe00    2000fe00    00000200   00000000    rw-
  2000fe00    2000fe00    00000200   00000000    rw- .stack


SECTION ALLOCATION MAP

 output                                  attributes/
section   page    origin      length       input sections
--------  ----  ----------  ----------   ----------------
.intvecs   0    00000000    000000e4     
                  00000000    000000e4     startup_msp432p401r_ccs.obj (.intvecs:retain)

.text      0    000000e4    0000035c     
                  000000e4    000000c0     timer_a_continuous_vlo_period_capture.obj (.text:main)
                  000001a4    0000009c     rtsv7M4_T_le_v4SPD16_eabi.lib : memcpy_t2.asm.obj (.text)
                  00000240    00000078     system_msp432p401r.obj (.text:SystemInit)
                  000002b8    00000068     timer_a_continuous_vlo_period_capture.obj (.text:TA0_N_IRQHandler)
                  00000320    00000068     rtsv7M4_T_le_v4SPD16_eabi.lib : copy_decompress_lzss.c.obj (.text:decompress:lzss:__TI_decompress_lzss)
                  00000388    00000044                                   : autoinit.c.obj (.text:__TI_auto_init_nobinit_nopinit:__TI_auto_init_nobinit_nopinit)
                  000003cc    00000034                                   : boot_cortex_m.c.obj (.text:_c_int00_noargs:_c_int00_noargs)
                  00000400    0000001c                                   : copy_zero_init.c.obj (.text:decompress:ZI:__TI_zero_init_nomemset:__TI_zero_init_nomemset)
                  0000041c    0000000e                                   : copy_decompress_none.c.obj (.text:decompress:none:__TI_decompress_none)
                  0000042a    0000000c     startup_msp432p401r_ccs.obj (.text:Reset_Handler)
                  00000436    00000004     rtsv7M4_T_le_v4SPD16_eabi.lib : pre_init.c.obj (.text:_system_pre_init)
                  0000043a    00000004                                   : exit.c.obj (.text:abort:abort)
                  0000043e    00000002     startup_msp432p401r_ccs.obj (.text:Default_Handler)

.const     0    00000440    00000028     
                  00000440    00000018     timer_a_continuous_vlo_period_capture.obj (.const:captureModeConfig)
                  00000458    00000010     timer_a_continuous_vlo_period_capture.obj (.const:continuousModeConfig)

.cinit     0    00000468    00000030     
                  00000468    0000000c     (__TI_handler_table)
                  00000474    00000004     --HOLE-- [fill = 0]
                  00000478    00000008     (.cinit..bss.load) [load image, compression = zero_init]
                  00000480    00000007     (.cinit..data.load) [load image, compression = lzss]
                  00000487    00000001     --HOLE-- [fill = 0]
                  00000488    00000010     (__TI_cinit_table)

.init_array 
*          0    00000000    00000000     UNINITIALIZED

.binit     0    00000000    00000000     

.bss       0    20000000    00000050     UNINITIALIZED
                  20000000    00000050     timer_a_continuous_vlo_period_capture.obj (.bss:timerAcaptureValues)

.data      0    20000050    00000004     UNINITIALIZED
                  20000050    00000004     timer_a_continuous_vlo_period_capture.obj (.data)

.stack     0    2000fe00    00000200     UNINITIALIZED
                  2000fe00    00000004     rtsv7M4_T_le_v4SPD16_eabi.lib : boot_cortex_m.c.obj (.stack)
                  2000fe04    000001fc     --HOLE--

__llvm_prf_cnts 
*          0    20000000    00000000     UNINITIALIZED

MODULE SUMMARY

       Module                                      code   ro data   rw data
       ------                                      ----   -------   -------
    .\
       timer_a_continuous_vlo_period_capture.obj   296    40        168    
       system_msp432p401r.obj                      120    0         0      
    +--+-------------------------------------------+------+---------+---------+
       Total:                                      416    40        168    
                                                                           
    .\ccs\
       startup_msp432p401r_ccs.obj                 14     228       0      
    +--+-------------------------------------------+------+---------+---------+
       Total:                                      14     228       0      
                                                                           
    C:\CCS\CCS_CODE\ccs\tools\compiler\ti-cgt-arm_20.2.0.LTS\lib\rtsv7M4_T_le_v4SPD16_eabi.lib
       memcpy_t2.asm.obj                           156    0         0      
       copy_decompress_lzss.c.obj                  104    0         0      
       autoinit.c.obj                              68     0         0      
       boot_cortex_m.c.obj                         52     0         0      
       copy_zero_init.c.obj                        28     0         0      
       copy_decompress_none.c.obj                  14     0         0      
       exit.c.obj                                  4      0         0      
       pre_init.c.obj                              4      0         0      
    +--+-------------------------------------------+------+---------+---------+
       Total:                                      430    0         0      
                                                                           
       Stack:                                      0      0         1024   
       Linker Generated:                           0      43        0      
    +--+-------------------------------------------+------+---------+---------+
       Grand Total:                                860    311       1192   


LINKER GENERATED COPY TABLES

__TI_cinit_table @ 00000488 records: 2, size/record: 8, table size: 16
	.bss: load addr=00000478, load size=00000008 bytes, run addr=20000000, run size=00000050 bytes, compression=zero_init
	.data: load addr=00000480, load size=00000007 bytes, run addr=20000050, run size=00000004 bytes, compression=lzss


LINKER GENERATED HANDLER TABLE

__TI_handler_table @ 00000468 records: 3, size/record: 4, table size: 12
	index: 0, handler: __TI_decompress_lzss
	index: 1, handler: __TI_decompress_none
	index: 2, handler: __TI_zero_init


GLOBAL SYMBOLS: SORTED ALPHABETICALLY BY Name 

address   name                          
-------   ----                          
0000043f  ADC14_IRQHandler              
0000043f  AES256_IRQHandler             
0000043f  BusFault_Handler              
0000043b  C$$EXIT                       
0000043f  COMP_E0_IRQHandler            
0000043f  COMP_E1_IRQHandler            
0000043f  CS_IRQHandler                 
0000043f  DMA_ERR_IRQHandler            
0000043f  DMA_INT0_IRQHandler           
0000043f  DMA_INT1_IRQHandler           
0000043f  DMA_INT2_IRQHandler           
0000043f  DMA_INT3_IRQHandler           
0000043f  DebugMon_Handler              
0000043f  Default_Handler               
0000043f  EUSCIA0_IRQHandler            
0000043f  EUSCIA1_IRQHandler            
0000043f  EUSCIA2_IRQHandler            
0000043f  EUSCIA3_IRQHandler            
0000043f  EUSCIB0_IRQHandler            
0000043f  EUSCIB1_IRQHandler            
0000043f  EUSCIB2_IRQHandler            
0000043f  EUSCIB3_IRQHandler            
0000043f  FLCTL_IRQHandler              
0000043f  FPU_IRQHandler                
0000043f  HardFault_Handler             
0000043f  MemManage_Handler             
0000043f  NMI_Handler                   
0000043f  PCM_IRQHandler                
0000043f  PORT1_IRQHandler              
0000043f  PORT2_IRQHandler              
0000043f  PORT3_IRQHandler              
0000043f  PORT4_IRQHandler              
0000043f  PORT5_IRQHandler              
0000043f  PORT6_IRQHandler              
0000043f  PSS_IRQHandler                
0000043f  PendSV_Handler                
0000043f  RTC_C_IRQHandler              
0000042b  Reset_Handler                 
0000043f  SVC_Handler                   
0000043f  SysTick_Handler               
00000241  SystemInit                    
0000043f  T32_INT1_IRQHandler           
0000043f  T32_INT2_IRQHandler           
0000043f  T32_INTC_IRQHandler           
0000043f  TA0_0_IRQHandler              
000002b9  TA0_N_IRQHandler              
000002b9  TA0_N_IRQHandler              
0000043f  TA1_0_IRQHandler              
0000043f  TA1_N_IRQHandler              
0000043f  TA2_0_IRQHandler              
0000043f  TA2_N_IRQHandler              
0000043f  TA3_0_IRQHandler              
0000043f  TA3_N_IRQHandler              
0000043f  UsageFault_Handler            
4000480c  WDTCTL_SYM                    
0000043f  WDT_A_IRQHandler              
20010000  __STACK_END                   
00000200  __STACK_SIZE                  
00000488  __TI_CINIT_Base               
00000498  __TI_CINIT_Limit              
00000468  __TI_Handler_Table_Base       
00000474  __TI_Handler_Table_Limit      
00000389  __TI_auto_init_nobinit_nopinit
00000321  __TI_decompress_lzss          
0000041d  __TI_decompress_none          
ffffffff  __TI_pprof_out_hndl           
ffffffff  __TI_prof_data_size           
ffffffff  __TI_prof_data_start          
00000000  __TI_static_base__            
00000401  __TI_zero_init_nomemset       
000001a5  __aeabi_memcpy                
000001a5  __aeabi_memcpy4               
000001a5  __aeabi_memcpy8               
ffffffff  __binit__                     
ffffffff  __c_args__                    
UNDEFED   __mpu_init                    
2000fe00  __stack                       
20000000  __start___llvm_prf_cnts       
20000000  __stop___llvm_prf_cnts        
000003cd  _c_int00_noargs               
UNDEFED   _system_post_cinit            
00000437  _system_pre_init              
0000043b  abort                         
ffffffff  binit                         
00000440  captureModeConfig             
00000458  continuousModeConfig          
00000000  interruptVectors              
000000e5  main                          
000001a5  memcpy                        


GLOBAL SYMBOLS: SORTED BY Symbol Address 

address   name                          
-------   ----                          
00000000  __TI_static_base__            
00000000  interruptVectors              
000000e5  main                          
000001a5  __aeabi_memcpy                
000001a5  __aeabi_memcpy4               
000001a5  __aeabi_memcpy8               
000001a5  memcpy                        
00000200  __STACK_SIZE                  
00000241  SystemInit                    
000002b9  TA0_N_IRQHandler              
000002b9  TA0_N_IRQHandler              
00000321  __TI_decompress_lzss          
00000389  __TI_auto_init_nobinit_nopinit
000003cd  _c_int00_noargs               
00000401  __TI_zero_init_nomemset       
0000041d  __TI_decompress_none          
0000042b  Reset_Handler                 
00000437  _system_pre_init              
0000043b  C$$EXIT                       
0000043b  abort                         
0000043f  ADC14_IRQHandler              
0000043f  AES256_IRQHandler             
0000043f  BusFault_Handler              
0000043f  COMP_E0_IRQHandler            
0000043f  COMP_E1_IRQHandler            
0000043f  CS_IRQHandler                 
0000043f  DMA_ERR_IRQHandler            
0000043f  DMA_INT0_IRQHandler           
0000043f  DMA_INT1_IRQHandler           
0000043f  DMA_INT2_IRQHandler           
0000043f  DMA_INT3_IRQHandler           
0000043f  DebugMon_Handler              
0000043f  Default_Handler               
0000043f  EUSCIA0_IRQHandler            
0000043f  EUSCIA1_IRQHandler            
0000043f  EUSCIA2_IRQHandler            
0000043f  EUSCIA3_IRQHandler            
0000043f  EUSCIB0_IRQHandler            
0000043f  EUSCIB1_IRQHandler            
0000043f  EUSCIB2_IRQHandler            
0000043f  EUSCIB3_IRQHandler            
0000043f  FLCTL_IRQHandler              
0000043f  FPU_IRQHandler                
0000043f  HardFault_Handler             
0000043f  MemManage_Handler             
0000043f  NMI_Handler                   
0000043f  PCM_IRQHandler                
0000043f  PORT1_IRQHandler              
0000043f  PORT2_IRQHandler              
0000043f  PORT3_IRQHandler              
0000043f  PORT4_IRQHandler              
0000043f  PORT5_IRQHandler              
0000043f  PORT6_IRQHandler              
0000043f  PSS_IRQHandler                
0000043f  PendSV_Handler                
0000043f  RTC_C_IRQHandler              
0000043f  SVC_Handler                   
0000043f  SysTick_Handler               
0000043f  T32_INT1_IRQHandler           
0000043f  T32_INT2_IRQHandler           
0000043f  T32_INTC_IRQHandler           
0000043f  TA0_0_IRQHandler              
0000043f  TA1_0_IRQHandler              
0000043f  TA1_N_IRQHandler              
0000043f  TA2_0_IRQHandler              
0000043f  TA2_N_IRQHandler              
0000043f  TA3_0_IRQHandler              
0000043f  TA3_N_IRQHandler              
0000043f  UsageFault_Handler            
0000043f  WDT_A_IRQHandler              
00000440  captureModeConfig             
00000458  continuousModeConfig          
00000468  __TI_Handler_Table_Base       
00000474  __TI_Handler_Table_Limit      
00000488  __TI_CINIT_Base               
00000498  __TI_CINIT_Limit              
20000000  __start___llvm_prf_cnts       
20000000  __stop___llvm_prf_cnts        
2000fe00  __stack                       
20010000  __STACK_END                   
4000480c  WDTCTL_SYM                    
ffffffff  __TI_pprof_out_hndl           
ffffffff  __TI_prof_data_size           
ffffffff  __TI_prof_data_start          
ffffffff  __binit__                     
ffffffff  __c_args__                    
ffffffff  binit                         
UNDEFED   __mpu_init                    
UNDEFED   _system_post_cinit            

[89 symbols]
